
> vite_react_shadcn_ts@0.0.0 build
> vite build

[36mvite v7.3.1 [32mbuilding client environment for production...[36m[39m
transforming...
[32mΓ£ô[39m 2248 modules transformed.
node.exe : [31mΓ£ù[39m Build failed in 
2.32s
At C:\Program Files\nodejs\npm.ps1:29 
char:3
+   & $NODE_EXE $NPM_CLI_JS $args
+   ~~~~~~~~~~~~~~~~~~~~~~~~~~~~~
    + CategoryInfo          : NotSpecifi 
   ed: ([31mΓ£ù[39m Build failed in 2  
  .32s:String) [], RemoteException
    + FullyQualifiedErrorId : NativeComm 
   andError
 
[31merror during build:
[31msrc/components/admin/AdminCourseMana
gement.tsx (32:2): "fetchCourses" is not 
exported by 
"src/services/courseService.ts", 
imported by "src/components/admin/AdminCo
urseManagement.tsx".[31m
file: [36mS:/External-Projects/SinerjexA
I/Saraswati-Classes-Combined/frontend/src
/components/admin/AdminCourseManagement.t
sx:32:2[31m
[33m
30: import type { Chapter } from 
"@/types/chapter";
31: import {
32:   fetchCourses,
      ^
33:   createCourse,
34:   updateCourse,
[31m
    at getRollupError (file:///S:/Externa
l-Projects/SinerjexAI/Saraswati-Classes-C
ombined/frontend/node_modules/rollup/dist
/es/shared/parseAst.js:402:41)
    at error (file:///S:/External-Project
s/SinerjexAI/Saraswati-Classes-Combined/f
rontend/node_modules/rollup/dist/es/share
d/parseAst.js:398:42)
    at Module.error (file:///S:/External-
Projects/SinerjexAI/Saraswati-Classes-Com
bined/frontend/node_modules/rollup/dist/e
s/shared/node-entry.js:17040:16)
    at Module.traceVariable (file:///S:/E
xternal-Projects/SinerjexAI/Saraswati-Cla
sses-Combined/frontend/node_modules/rollu
p/dist/es/shared/node-entry.js:17452:29)
    at ModuleScope.findVariable (file:///
S:/External-Projects/SinerjexAI/Saraswati
-Classes-Combined/frontend/node_modules/r
ollup/dist/es/shared/node-entry.js:15070:
39)
    at ReturnValueScope.findVariable (fil
e:///S:/External-Projects/SinerjexAI/Sara
swati-Classes-Combined/frontend/node_modu
les/rollup/dist/es/shared/node-entry.js:5
673:38)
    at FunctionBodyScope.findVariable (fi
le:///S:/External-Projects/SinerjexAI/Sar
aswati-Classes-Combined/frontend/node_mod
ules/rollup/dist/es/shared/node-entry.js:
5673:38)
    at ReturnValueScope.findVariable (fil
e:///S:/External-Projects/SinerjexAI/Sara
swati-Classes-Combined/frontend/node_modu
les/rollup/dist/es/shared/node-entry.js:5
673:38)
    at FunctionBodyScope.findVariable (fi
le:///S:/External-Projects/SinerjexAI/Sar
aswati-Classes-Combined/frontend/node_mod
ules/rollup/dist/es/shared/node-entry.js:
5673:38)
    at Identifier.bind (file:///S:/Extern
al-Projects/SinerjexAI/Saraswati-Classes-
Combined/frontend/node_modules/rollup/dis
t/es/shared/node-entry.js:5447:40)[39m
